0:0:0:0:0:0:0:1 - - [29/Sep/2020:09:47:03 +0800] "GET /favicon.ico HTTP/1.1" 404 796 23 Mozilla/5.0 (Windows NT 6.1; WOW64) AppleWebKit/537.36 (KHTML, like Gecko) Chrome/78.0.3904.108 Safari/537.36
0:0:0:0:0:0:0:1 - - [29/Sep/2020:09:47:04 +0800] "GET /favicon.ico HTTP/1.1" 404 796 3 Mozilla/5.0 (Windows NT 6.1; WOW64) AppleWebKit/537.36 (KHTML, like Gecko) Chrome/78.0.3904.108 Safari/537.36
0:0:0:0:0:0:0:1 - - [29/Sep/2020:09:47:04 +0800] "GET /favicon.ico HTTP/1.1" 404 796 0 Mozilla/5.0 (Windows NT 6.1; WOW64) AppleWebKit/537.36 (KHTML, like Gecko) Chrome/78.0.3904.108 Safari/537.36
192.168.2.116 - - [29/Sep/2020:09:47:04 +0800] "GET /nacos/v1/cs/health HTTP/1.1" 200 2 122 Apache-HttpAsyncClient/4.1.3 (Java/1.8.0_181)
0:0:0:0:0:0:0:1 - - [29/Sep/2020:09:47:05 +0800] "GET /favicon.ico HTTP/1.1" 404 796 1 Mozilla/5.0 (Windows NT 6.1; WOW64) AppleWebKit/537.36 (KHTML, like Gecko) Chrome/78.0.3904.108 Safari/537.36
0:0:0:0:0:0:0:1 - - [29/Sep/2020:09:47:06 +0800] "GET /favicon.ico HTTP/1.1" 404 796 1 Mozilla/5.0 (Windows NT 6.1; WOW64) AppleWebKit/537.36 (KHTML, like Gecko) Chrome/78.0.3904.108 Safari/537.36
0:0:0:0:0:0:0:1 - - [29/Sep/2020:09:47:06 +0800] "GET /nacos HTTP/1.1" 302 - 0 Mozilla/5.0 (Windows NT 6.1; WOW64) AppleWebKit/537.36 (KHTML, like Gecko) Chrome/78.0.3904.108 Safari/537.36
0:0:0:0:0:0:0:1 - - [29/Sep/2020:09:47:06 +0800] "GET /nacos/ HTTP/1.1" 200 2611 88 Mozilla/5.0 (Windows NT 6.1; WOW64) AppleWebKit/537.36 (KHTML, like Gecko) Chrome/78.0.3904.108 Safari/537.36
0:0:0:0:0:0:0:1 - - [29/Sep/2020:09:47:06 +0800] "GET /nacos/console-fe/public/css/codemirror.css HTTP/1.1" 200 8849 14 Mozilla/5.0 (Windows NT 6.1; WOW64) AppleWebKit/537.36 (KHTML, like Gecko) Chrome/78.0.3904.108 Safari/537.36
0:0:0:0:0:0:0:1 - - [29/Sep/2020:09:47:06 +0800] "GET /nacos/console-fe/public/css/merge.css HTTP/1.1" 200 3857 11 Mozilla/5.0 (Windows NT 6.1; WOW64) AppleWebKit/537.36 (KHTML, like Gecko) Chrome/78.0.3904.108 Safari/537.36
0:0:0:0:0:0:0:1 - - [29/Sep/2020:09:47:06 +0800] "GET /nacos/console-fe/public/css/icon.css HTTP/1.1" 200 5166 19 Mozilla/5.0 (Windows NT 6.1; WOW64) AppleWebKit/537.36 (KHTML, like Gecko) Chrome/78.0.3904.108 Safari/537.36
0:0:0:0:0:0:0:1 - - [29/Sep/2020:09:47:06 +0800] "GET /nacos/console-fe/public/css/font-awesome.css HTTP/1.1" 200 33841 40 Mozilla/5.0 (Windows NT 6.1; WOW64) AppleWebKit/537.36 (KHTML, like Gecko) Chrome/78.0.3904.108 Safari/537.36
0:0:0:0:0:0:0:1 - - [29/Sep/2020:09:47:06 +0800] "GET /nacos/console-fe/public/js/javascript.js HTTP/1.1" 200 32200 13 Mozilla/5.0 (Windows NT 6.1; WOW64) AppleWebKit/537.36 (KHTML, like Gecko) Chrome/78.0.3904.108 Safari/537.36
0:0:0:0:0:0:0:1 - - [29/Sep/2020:09:47:06 +0800] "GET /nacos/console-fe/public/css/bootstrap.css HTTP/1.1" 200 123285 202 Mozilla/5.0 (Windows NT 6.1; WOW64) AppleWebKit/537.36 (KHTML, like Gecko) Chrome/78.0.3904.108 Safari/537.36
0:0:0:0:0:0:0:1 - - [29/Sep/2020:09:47:06 +0800] "GET /nacos/console-fe/public/js/jquery.js HTTP/1.1" 200 86658 150 Mozilla/5.0 (Windows NT 6.1; WOW64) AppleWebKit/537.36 (KHTML, like Gecko) Chrome/78.0.3904.108 Safari/537.36
0:0:0:0:0:0:0:1 - - [29/Sep/2020:09:47:06 +0800] "GET /nacos/console-fe/public/js/codemirror.addone.fullscreen.js HTTP/1.1" 200 1973 5 Mozilla/5.0 (Windows NT 6.1; WOW64) AppleWebKit/537.36 (KHTML, like Gecko) Chrome/78.0.3904.108 Safari/537.36
0:0:0:0:0:0:0:1 - - [29/Sep/2020:09:47:06 +0800] "GET /nacos/console-fe/public/js/xml.js HTTP/1.1" 200 13050 16 Mozilla/5.0 (Windows NT 6.1; WOW64) AppleWebKit/537.36 (KHTML, like Gecko) Chrome/78.0.3904.108 Safari/537.36
0:0:0:0:0:0:0:1 - - [29/Sep/2020:09:47:06 +0800] "GET /nacos/console-fe/public/js/codemirror.addone.lint.js HTTP/1.1" 200 8511 7 Mozilla/5.0 (Windows NT 6.1; WOW64) AppleWebKit/537.36 (KHTML, like Gecko) Chrome/78.0.3904.108 Safari/537.36
0:0:0:0:0:0:0:1 - - [29/Sep/2020:09:47:06 +0800] "GET /nacos/console-fe/public/js/codemirror.lib.json-lint.js HTTP/1.1" 200 16797 16 Mozilla/5.0 (Windows NT 6.1; WOW64) AppleWebKit/537.36 (KHTML, like Gecko) Chrome/78.0.3904.108 Safari/537.36
0:0:0:0:0:0:0:1 - - [29/Sep/2020:09:47:06 +0800] "GET /nacos/console-fe/public/js/codemirror.addone.json-lint.js HTTP/1.1" 200 1433 15 Mozilla/5.0 (Windows NT 6.1; WOW64) AppleWebKit/537.36 (KHTML, like Gecko) Chrome/78.0.3904.108 Safari/537.36
0:0:0:0:0:0:0:1 - - [29/Sep/2020:09:47:06 +0800] "GET /nacos/console-fe/public/js/codemirror.lib.clike-lint.js HTTP/1.1" 200 31521 13 Mozilla/5.0 (Windows NT 6.1; WOW64) AppleWebKit/537.36 (KHTML, like Gecko) Chrome/78.0.3904.108 Safari/537.36
0:0:0:0:0:0:0:1 - - [29/Sep/2020:09:47:06 +0800] "GET /nacos/css/main.css HTTP/1.1" 200 376874 248 Mozilla/5.0 (Windows NT 6.1; WOW64) AppleWebKit/537.36 (KHTML, like Gecko) Chrome/78.0.3904.108 Safari/537.36
0:0:0:0:0:0:0:1 - - [29/Sep/2020:09:47:06 +0800] "GET /nacos/console-fe/public/js/loader.js HTTP/1.1" 200 28899 5 Mozilla/5.0 (Windows NT 6.1; WOW64) AppleWebKit/537.36 (KHTML, like Gecko) Chrome/78.0.3904.108 Safari/537.36
0:0:0:0:0:0:0:1 - - [29/Sep/2020:09:47:06 +0800] "GET /nacos/console-fe/public/css/console1412.css HTTP/1.1" 200 156959 259 Mozilla/5.0 (Windows NT 6.1; WOW64) AppleWebKit/537.36 (KHTML, like Gecko) Chrome/78.0.3904.108 Safari/537.36
0:0:0:0:0:0:0:1 - - [29/Sep/2020:09:47:06 +0800] "GET /nacos/console-fe/public/js/diff_match_patch.js HTTP/1.1" 200 19192 12 Mozilla/5.0 (Windows NT 6.1; WOW64) AppleWebKit/537.36 (KHTML, like Gecko) Chrome/78.0.3904.108 Safari/537.36
0:0:0:0:0:0:0:1 - - [29/Sep/2020:09:47:06 +0800] "GET /nacos/console-fe/public/js/merge.js HTTP/1.1" 200 37874 51 Mozilla/5.0 (Windows NT 6.1; WOW64) AppleWebKit/537.36 (KHTML, like Gecko) Chrome/78.0.3904.108 Safari/537.36
0:0:0:0:0:0:0:1 - - [29/Sep/2020:09:47:06 +0800] "GET /nacos/console-fe/public/js/codemirror.js HTTP/1.1" 200 366237 290 Mozilla/5.0 (Windows NT 6.1; WOW64) AppleWebKit/537.36 (KHTML, like Gecko) Chrome/78.0.3904.108 Safari/537.36
0:0:0:0:0:0:0:1 - - [29/Sep/2020:09:47:06 +0800] "GET /nacos/js/main.js HTTP/1.1" 200 1413779 148 Mozilla/5.0 (Windows NT 6.1; WOW64) AppleWebKit/537.36 (KHTML, like Gecko) Chrome/78.0.3904.108 Safari/537.36
0:0:0:0:0:0:0:1 - - [29/Sep/2020:09:47:06 +0800] "GET /nacos/img/logo-2000-390.svg HTTP/1.1" 200 2106 6 Mozilla/5.0 (Windows NT 6.1; WOW64) AppleWebKit/537.36 (KHTML, like Gecko) Chrome/78.0.3904.108 Safari/537.36
0:0:0:0:0:0:0:1 - - [29/Sep/2020:09:47:07 +0800] "GET /nacos/v1/console/server/state HTTP/1.1" 200 82 31 Mozilla/5.0 (Windows NT 6.1; WOW64) AppleWebKit/537.36 (KHTML, like Gecko) Chrome/78.0.3904.108 Safari/537.36
0:0:0:0:0:0:0:1 - - [29/Sep/2020:09:47:07 +0800] "GET /nacos/console-fe/public/js/vs/editor/editor.main.js HTTP/1.1" 200 1824086 334 Mozilla/5.0 (Windows NT 6.1; WOW64) AppleWebKit/537.36 (KHTML, like Gecko) Chrome/78.0.3904.108 Safari/537.36
0:0:0:0:0:0:0:1 - - [29/Sep/2020:09:47:07 +0800] "GET /nacos/v1/console/namespaces?namespaceId= HTTP/1.1" 401 154 118 Mozilla/5.0 (Windows NT 6.1; WOW64) AppleWebKit/537.36 (KHTML, like Gecko) Chrome/78.0.3904.108 Safari/537.36
0:0:0:0:0:0:0:1 - - [29/Sep/2020:09:47:07 +0800] "GET /nacos/console-fe/public/icons/icon-font.woff HTTP/1.1" 200 5504 93 Mozilla/5.0 (Windows NT 6.1; WOW64) AppleWebKit/537.36 (KHTML, like Gecko) Chrome/78.0.3904.108 Safari/537.36
0:0:0:0:0:0:0:1 - - [29/Sep/2020:09:47:07 +0800] "GET /nacos/v1/cs/configs?search=accurate&dataId=&group=&appName=&config_tags=&pageNo=1&pageSize=10&tenant=&namespaceId= HTTP/1.1" 200 - 109 Mozilla/5.0 (Windows NT 6.1; WOW64) AppleWebKit/537.36 (KHTML, like Gecko) Chrome/78.0.3904.108 Safari/537.36
0:0:0:0:0:0:0:1 - - [29/Sep/2020:09:47:07 +0800] "GET /nacos/console-fe/public/js/vs/editor/editor.main.css HTTP/1.1" 200 172199 17 Mozilla/5.0 (Windows NT 6.1; WOW64) AppleWebKit/537.36 (KHTML, like Gecko) Chrome/78.0.3904.108 Safari/537.36
0:0:0:0:0:0:0:1 - - [29/Sep/2020:09:47:07 +0800] "GET /nacos/console-fe/public/js/vs/editor/editor.main.nls.zh-cn.js HTTP/1.1" 200 22854 9 Mozilla/5.0 (Windows NT 6.1; WOW64) AppleWebKit/537.36 (KHTML, like Gecko) Chrome/78.0.3904.108 Safari/537.36
0:0:0:0:0:0:0:1 - - [29/Sep/2020:09:47:07 +0800] "GET /nacos/console-fe/public/css/fonts/aliyun-console-font.ttf?t91au5 HTTP/1.1" 200 169536 48 Mozilla/5.0 (Windows NT 6.1; WOW64) AppleWebKit/537.36 (KHTML, like Gecko) Chrome/78.0.3904.108 Safari/537.36
0:0:0:0:0:0:0:1 - - [29/Sep/2020:09:47:07 +0800] "GET /nacos/img/black_dot.png HTTP/1.1" 200 114 4 Mozilla/5.0 (Windows NT 6.1; WOW64) AppleWebKit/537.36 (KHTML, like Gecko) Chrome/78.0.3904.108 Safari/537.36
0:0:0:0:0:0:0:1 - - [29/Sep/2020:09:47:07 +0800] "GET /nacos/img/nacos.png HTTP/1.1" 200 3588 4 Mozilla/5.0 (Windows NT 6.1; WOW64) AppleWebKit/537.36 (KHTML, like Gecko) Chrome/78.0.3904.108 Safari/537.36
0:0:0:0:0:0:0:1 - - [29/Sep/2020:09:47:07 +0800] "GET /nacos/console-fe/public/img/favicon.ico HTTP/1.1" 200 4286 12 Mozilla/5.0 (Windows NT 6.1; WOW64) AppleWebKit/537.36 (KHTML, like Gecko) Chrome/78.0.3904.108 Safari/537.36
192.168.2.116 - - [29/Sep/2020:09:47:09 +0800] "GET /nacos/v1/cs/health HTTP/1.1" 200 2 3 Apache-HttpAsyncClient/4.1.3 (Java/1.8.0_181)
0:0:0:0:0:0:0:1 - - [29/Sep/2020:09:47:12 +0800] "POST /nacos/v1/auth/login HTTP/1.1" 200 176 414 Mozilla/5.0 (Windows NT 6.1; WOW64) AppleWebKit/537.36 (KHTML, like Gecko) Chrome/78.0.3904.108 Safari/537.36
0:0:0:0:0:0:0:1 - - [29/Sep/2020:09:47:12 +0800] "GET /nacos/v1/console/server/state HTTP/1.1" 200 82 3 Mozilla/5.0 (Windows NT 6.1; WOW64) AppleWebKit/537.36 (KHTML, like Gecko) Chrome/78.0.3904.108 Safari/537.36
0:0:0:0:0:0:0:1 - - [29/Sep/2020:09:47:12 +0800] "GET /nacos/v1/console/namespaces?namespaceId= HTTP/1.1" 200 130 92 Mozilla/5.0 (Windows NT 6.1; WOW64) AppleWebKit/537.36 (KHTML, like Gecko) Chrome/78.0.3904.108 Safari/537.36
0:0:0:0:0:0:0:1 - - [29/Sep/2020:09:47:12 +0800] "GET /nacos/v1/cs/configs?search=accurate&dataId=&group=&appName=&config_tags=&pageNo=1&pageSize=10&tenant=&namespaceId= HTTP/1.1" 200 - 4 Mozilla/5.0 (Windows NT 6.1; WOW64) AppleWebKit/537.36 (KHTML, like Gecko) Chrome/78.0.3904.108 Safari/537.36
192.168.2.116 - - [29/Sep/2020:09:47:14 +0800] "GET /nacos/v1/cs/health HTTP/1.1" 200 2 3 Apache-HttpAsyncClient/4.1.3 (Java/1.8.0_181)
0:0:0:0:0:0:0:1 - - [29/Sep/2020:09:47:15 +0800] "GET /nacos/v1/ns/catalog/services?hasIpCount=true&withInstances=false&pageNo=1&pageSize=10&serviceNameParam=&groupNameParam=&namespaceId= HTTP/1.1" 200 39 34 Mozilla/5.0 (Windows NT 6.1; WOW64) AppleWebKit/537.36 (KHTML, like Gecko) Chrome/78.0.3904.108 Safari/537.36
192.168.2.116 - - [29/Sep/2020:09:47:19 +0800] "GET /nacos/v1/cs/health HTTP/1.1" 200 2 6 Apache-HttpAsyncClient/4.1.3 (Java/1.8.0_181)
192.168.2.116 - - [29/Sep/2020:09:47:24 +0800] "GET /nacos/v1/cs/health HTTP/1.1" 200 2 5 Apache-HttpAsyncClient/4.1.3 (Java/1.8.0_181)
192.168.2.116 - - [29/Sep/2020:09:47:29 +0800] "GET /nacos/v1/cs/health HTTP/1.1" 200 2 9 Apache-HttpAsyncClient/4.1.3 (Java/1.8.0_181)
192.168.2.116 - - [29/Sep/2020:09:47:34 +0800] "GET /nacos/v1/cs/health HTTP/1.1" 200 2 8 Apache-HttpAsyncClient/4.1.3 (Java/1.8.0_181)
192.168.2.116 - - [29/Sep/2020:09:47:39 +0800] "GET /nacos/v1/cs/health HTTP/1.1" 200 2 3 Apache-HttpAsyncClient/4.1.3 (Java/1.8.0_181)
192.168.2.116 - - [29/Sep/2020:09:47:44 +0800] "GET /nacos/v1/cs/health HTTP/1.1" 200 2 7 Apache-HttpAsyncClient/4.1.3 (Java/1.8.0_181)
192.168.2.116 - - [29/Sep/2020:09:47:49 +0800] "GET /nacos/v1/cs/health HTTP/1.1" 200 2 2 Apache-HttpAsyncClient/4.1.3 (Java/1.8.0_181)
192.168.2.116 - - [29/Sep/2020:09:47:54 +0800] "GET /nacos/v1/cs/health HTTP/1.1" 200 2 7 Apache-HttpAsyncClient/4.1.3 (Java/1.8.0_181)
192.168.2.116 - - [29/Sep/2020:09:47:59 +0800] "GET /nacos/v1/cs/health HTTP/1.1" 200 2 4 Apache-HttpAsyncClient/4.1.3 (Java/1.8.0_181)
192.168.2.116 - - [29/Sep/2020:09:48:04 +0800] "GET /nacos/v1/cs/health HTTP/1.1" 200 2 8 Apache-HttpAsyncClient/4.1.3 (Java/1.8.0_181)
192.168.2.116 - - [29/Sep/2020:09:48:09 +0800] "GET /nacos/v1/cs/health HTTP/1.1" 200 2 16 Apache-HttpAsyncClient/4.1.3 (Java/1.8.0_181)
192.168.2.116 - - [29/Sep/2020:09:48:14 +0800] "GET /nacos/v1/cs/health HTTP/1.1" 200 2 3 Apache-HttpAsyncClient/4.1.3 (Java/1.8.0_181)
192.168.2.116 - - [29/Sep/2020:09:48:19 +0800] "GET /nacos/v1/cs/health HTTP/1.1" 200 2 8 Apache-HttpAsyncClient/4.1.3 (Java/1.8.0_181)
192.168.2.116 - - [29/Sep/2020:09:48:24 +0800] "GET /nacos/v1/cs/health HTTP/1.1" 200 2 7 Apache-HttpAsyncClient/4.1.3 (Java/1.8.0_181)
192.168.2.116 - - [29/Sep/2020:09:48:29 +0800] "GET /nacos/v1/cs/health HTTP/1.1" 200 2 4 Apache-HttpAsyncClient/4.1.3 (Java/1.8.0_181)
192.168.2.116 - - [29/Sep/2020:09:48:34 +0800] "GET /nacos/v1/cs/health HTTP/1.1" 200 2 6 Apache-HttpAsyncClient/4.1.3 (Java/1.8.0_181)
192.168.2.116 - - [29/Sep/2020:09:48:39 +0800] "GET /nacos/v1/cs/health HTTP/1.1" 200 2 6 Apache-HttpAsyncClient/4.1.3 (Java/1.8.0_181)
192.168.2.116 - - [29/Sep/2020:09:48:44 +0800] "GET /nacos/v1/cs/health HTTP/1.1" 200 2 7 Apache-HttpAsyncClient/4.1.3 (Java/1.8.0_181)
192.168.2.116 - - [29/Sep/2020:09:48:49 +0800] "GET /nacos/v1/cs/health HTTP/1.1" 200 2 9 Apache-HttpAsyncClient/4.1.3 (Java/1.8.0_181)
192.168.2.116 - - [29/Sep/2020:09:48:54 +0800] "GET /nacos/v1/cs/health HTTP/1.1" 200 2 2 Apache-HttpAsyncClient/4.1.3 (Java/1.8.0_181)
192.168.2.116 - - [29/Sep/2020:09:48:59 +0800] "GET /nacos/v1/cs/health HTTP/1.1" 200 2 7 Apache-HttpAsyncClient/4.1.3 (Java/1.8.0_181)
192.168.2.116 - - [29/Sep/2020:09:49:04 +0800] "GET /nacos/v1/cs/health HTTP/1.1" 200 2 7 Apache-HttpAsyncClient/4.1.3 (Java/1.8.0_181)
192.168.2.116 - - [29/Sep/2020:09:49:09 +0800] "GET /nacos/v1/cs/health HTTP/1.1" 200 2 8 Apache-HttpAsyncClient/4.1.3 (Java/1.8.0_181)
192.168.2.116 - - [29/Sep/2020:09:49:14 +0800] "GET /nacos/v1/cs/health HTTP/1.1" 200 2 12 Apache-HttpAsyncClient/4.1.3 (Java/1.8.0_181)
192.168.2.116 - - [29/Sep/2020:09:49:19 +0800] "GET /nacos/v1/cs/health HTTP/1.1" 200 2 7 Apache-HttpAsyncClient/4.1.3 (Java/1.8.0_181)
192.168.2.116 - - [29/Sep/2020:09:49:24 +0800] "GET /nacos/v1/cs/health HTTP/1.1" 200 2 3 Apache-HttpAsyncClient/4.1.3 (Java/1.8.0_181)
192.168.2.116 - - [29/Sep/2020:09:49:29 +0800] "GET /nacos/v1/cs/health HTTP/1.1" 200 2 9 Apache-HttpAsyncClient/4.1.3 (Java/1.8.0_181)
192.168.2.116 - - [29/Sep/2020:09:49:34 +0800] "GET /nacos/v1/cs/health HTTP/1.1" 200 2 6 Apache-HttpAsyncClient/4.1.3 (Java/1.8.0_181)
192.168.2.116 - - [29/Sep/2020:09:49:39 +0800] "GET /nacos/v1/cs/health HTTP/1.1" 200 2 2 Apache-HttpAsyncClient/4.1.3 (Java/1.8.0_181)
192.168.2.116 - - [29/Sep/2020:09:49:44 +0800] "GET /nacos/v1/cs/health HTTP/1.1" 200 2 2 Apache-HttpAsyncClient/4.1.3 (Java/1.8.0_181)
192.168.2.116 - - [29/Sep/2020:09:49:49 +0800] "GET /nacos/v1/cs/health HTTP/1.1" 200 2 5 Apache-HttpAsyncClient/4.1.3 (Java/1.8.0_181)
192.168.2.116 - - [29/Sep/2020:09:49:54 +0800] "GET /nacos/v1/cs/health HTTP/1.1" 200 2 6 Apache-HttpAsyncClient/4.1.3 (Java/1.8.0_181)
192.168.2.116 - - [29/Sep/2020:09:49:59 +0800] "GET /nacos/v1/cs/health HTTP/1.1" 200 2 5 Apache-HttpAsyncClient/4.1.3 (Java/1.8.0_181)
192.168.2.116 - - [29/Sep/2020:09:50:04 +0800] "GET /nacos/v1/cs/health HTTP/1.1" 200 2 8 Apache-HttpAsyncClient/4.1.3 (Java/1.8.0_181)
192.168.2.116 - - [29/Sep/2020:09:50:09 +0800] "GET /nacos/v1/cs/health HTTP/1.1" 200 2 9 Apache-HttpAsyncClient/4.1.3 (Java/1.8.0_181)
192.168.2.116 - - [29/Sep/2020:09:50:14 +0800] "GET /nacos/v1/cs/health HTTP/1.1" 200 2 7 Apache-HttpAsyncClient/4.1.3 (Java/1.8.0_181)
192.168.2.116 - - [29/Sep/2020:09:50:19 +0800] "GET /nacos/v1/cs/health HTTP/1.1" 200 2 5 Apache-HttpAsyncClient/4.1.3 (Java/1.8.0_181)
192.168.2.116 - - [29/Sep/2020:09:50:24 +0800] "GET /nacos/v1/cs/health HTTP/1.1" 200 2 3 Apache-HttpAsyncClient/4.1.3 (Java/1.8.0_181)
192.168.2.116 - - [29/Sep/2020:09:50:29 +0800] "GET /nacos/v1/cs/health HTTP/1.1" 200 2 6 Apache-HttpAsyncClient/4.1.3 (Java/1.8.0_181)
192.168.2.116 - - [29/Sep/2020:09:50:34 +0800] "GET /nacos/v1/cs/health HTTP/1.1" 200 2 6 Apache-HttpAsyncClient/4.1.3 (Java/1.8.0_181)
192.168.2.116 - - [29/Sep/2020:09:50:39 +0800] "GET /nacos/v1/cs/health HTTP/1.1" 200 2 5 Apache-HttpAsyncClient/4.1.3 (Java/1.8.0_181)
192.168.2.116 - - [29/Sep/2020:09:50:44 +0800] "GET /nacos/v1/cs/health HTTP/1.1" 200 2 2 Apache-HttpAsyncClient/4.1.3 (Java/1.8.0_181)
192.168.2.116 - - [29/Sep/2020:09:50:49 +0800] "GET /nacos/v1/cs/health HTTP/1.1" 200 2 2 Apache-HttpAsyncClient/4.1.3 (Java/1.8.0_181)
192.168.2.116 - - [29/Sep/2020:09:50:54 +0800] "GET /nacos/v1/cs/health HTTP/1.1" 200 2 4 Apache-HttpAsyncClient/4.1.3 (Java/1.8.0_181)
192.168.2.116 - - [29/Sep/2020:09:50:59 +0800] "GET /nacos/v1/cs/health HTTP/1.1" 200 2 2 Apache-HttpAsyncClient/4.1.3 (Java/1.8.0_181)
127.0.0.1 - - [29/Sep/2020:09:51:04 +0800] "GET /nacos/v1/ns/service/list?pageSize=2147483647&groupName=DEFAULT_GROUP&encoding=UTF-8&namespaceId=public&pageNo=1 HTTP/1.1" 200 32 6 Nacos-Java-Client:v1.0.0
192.168.2.116 - - [29/Sep/2020:09:51:04 +0800] "GET /nacos/v1/cs/health HTTP/1.1" 200 2 2 Apache-HttpAsyncClient/4.1.3 (Java/1.8.0_181)
127.0.0.1 - - [29/Sep/2020:09:51:06 +0800] "POST /nacos/v1/ns/instance?groupName=DEFAULT_GROUP&metadata=%7B%22preserved.register.source%22%3A%22SPRING_CLOUD%22%7D&namespaceId=public&port=8222&enable=true&healthy=true&clusterName=DEFAULT&ip=192.168.2.116&weight=1.0&ephemeral=true&serviceName=DEFAULT_GROUP%40%40service-gateway&encoding=UTF-8 HTTP/1.1" 200 2 155 Nacos-Java-Client:v1.0.0
127.0.0.1 - - [29/Sep/2020:09:51:09 +0800] "PUT /nacos/v1/ns/instance/beat?beat=%7B%22cluster%22%3A%22DEFAULT%22%2C%22ip%22%3A%22192.168.2.116%22%2C%22metadata%22%3A%7B%22preserved.register.source%22%3A%22SPRING_CLOUD%22%7D%2C%22port%22%3A8222%2C%22scheduled%22%3Atrue%2C%22serviceName%22%3A%22DEFAULT_GROUP%40%40service-gateway%22%2C%22weight%22%3A1.0%7D&serviceName=DEFAULT_GROUP%40%40service-gateway&encoding=UTF-8&namespaceId=public HTTP/1.1" 200 38 38 Nacos-Java-Client:v1.0.0
192.168.2.116 - - [29/Sep/2020:09:51:09 +0800] "GET /nacos/v1/cs/health HTTP/1.1" 200 2 7 Apache-HttpAsyncClient/4.1.3 (Java/1.8.0_181)
127.0.0.1 - - [29/Sep/2020:09:51:14 +0800] "PUT /nacos/v1/ns/instance/beat?beat=%7B%22cluster%22%3A%22DEFAULT%22%2C%22ip%22%3A%22192.168.2.116%22%2C%22metadata%22%3A%7B%22preserved.register.source%22%3A%22SPRING_CLOUD%22%7D%2C%22port%22%3A8222%2C%22scheduled%22%3Atrue%2C%22serviceName%22%3A%22DEFAULT_GROUP%40%40service-gateway%22%2C%22weight%22%3A1.0%7D&serviceName=DEFAULT_GROUP%40%40service-gateway&encoding=UTF-8&namespaceId=public HTTP/1.1" 200 38 9 Nacos-Java-Client:v1.0.0
192.168.2.116 - - [29/Sep/2020:09:51:14 +0800] "GET /nacos/v1/cs/health HTTP/1.1" 200 2 6 Apache-HttpAsyncClient/4.1.3 (Java/1.8.0_181)
127.0.0.1 - - [29/Sep/2020:09:51:19 +0800] "PUT /nacos/v1/ns/instance/beat?beat=%7B%22cluster%22%3A%22DEFAULT%22%2C%22ip%22%3A%22192.168.2.116%22%2C%22metadata%22%3A%7B%22preserved.register.source%22%3A%22SPRING_CLOUD%22%7D%2C%22port%22%3A8222%2C%22scheduled%22%3Atrue%2C%22serviceName%22%3A%22DEFAULT_GROUP%40%40service-gateway%22%2C%22weight%22%3A1.0%7D&serviceName=DEFAULT_GROUP%40%40service-gateway&encoding=UTF-8&namespaceId=public HTTP/1.1" 200 38 7 Nacos-Java-Client:v1.0.0
192.168.2.116 - - [29/Sep/2020:09:51:19 +0800] "GET /nacos/v1/cs/health HTTP/1.1" 200 2 4 Apache-HttpAsyncClient/4.1.3 (Java/1.8.0_181)
127.0.0.1 - - [29/Sep/2020:09:51:24 +0800] "PUT /nacos/v1/ns/instance/beat?beat=%7B%22cluster%22%3A%22DEFAULT%22%2C%22ip%22%3A%22192.168.2.116%22%2C%22metadata%22%3A%7B%22preserved.register.source%22%3A%22SPRING_CLOUD%22%7D%2C%22port%22%3A8222%2C%22scheduled%22%3Atrue%2C%22serviceName%22%3A%22DEFAULT_GROUP%40%40service-gateway%22%2C%22weight%22%3A1.0%7D&serviceName=DEFAULT_GROUP%40%40service-gateway&encoding=UTF-8&namespaceId=public HTTP/1.1" 200 38 7 Nacos-Java-Client:v1.0.0
192.168.2.116 - - [29/Sep/2020:09:51:24 +0800] "GET /nacos/v1/cs/health HTTP/1.1" 200 2 2 Apache-HttpAsyncClient/4.1.3 (Java/1.8.0_181)
0:0:0:0:0:0:0:1 - - [29/Sep/2020:09:51:27 +0800] "GET /nacos/v1/ns/catalog/services?hasIpCount=true&withInstances=false&pageNo=1&pageSize=10&serviceNameParam=&groupNameParam=&namespaceId= HTTP/1.1" 200 169 13 Mozilla/5.0 (Windows NT 6.1; WOW64) AppleWebKit/537.36 (KHTML, like Gecko) Chrome/78.0.3904.108 Safari/537.36
127.0.0.1 - - [29/Sep/2020:09:51:29 +0800] "PUT /nacos/v1/ns/instance/beat?beat=%7B%22cluster%22%3A%22DEFAULT%22%2C%22ip%22%3A%22192.168.2.116%22%2C%22metadata%22%3A%7B%22preserved.register.source%22%3A%22SPRING_CLOUD%22%7D%2C%22port%22%3A8222%2C%22scheduled%22%3Atrue%2C%22serviceName%22%3A%22DEFAULT_GROUP%40%40service-gateway%22%2C%22weight%22%3A1.0%7D&serviceName=DEFAULT_GROUP%40%40service-gateway&encoding=UTF-8&namespaceId=public HTTP/1.1" 200 38 8 Nacos-Java-Client:v1.0.0
192.168.2.116 - - [29/Sep/2020:09:51:29 +0800] "GET /nacos/v1/cs/health HTTP/1.1" 200 2 5 Apache-HttpAsyncClient/4.1.3 (Java/1.8.0_181)
127.0.0.1 - - [29/Sep/2020:09:51:34 +0800] "PUT /nacos/v1/ns/instance/beat?beat=%7B%22cluster%22%3A%22DEFAULT%22%2C%22ip%22%3A%22192.168.2.116%22%2C%22metadata%22%3A%7B%22preserved.register.source%22%3A%22SPRING_CLOUD%22%7D%2C%22port%22%3A8222%2C%22scheduled%22%3Atrue%2C%22serviceName%22%3A%22DEFAULT_GROUP%40%40service-gateway%22%2C%22weight%22%3A1.0%7D&serviceName=DEFAULT_GROUP%40%40service-gateway&encoding=UTF-8&namespaceId=public HTTP/1.1" 200 38 11 Nacos-Java-Client:v1.0.0
192.168.2.116 - - [29/Sep/2020:09:51:34 +0800] "GET /nacos/v1/cs/health HTTP/1.1" 200 2 6 Apache-HttpAsyncClient/4.1.3 (Java/1.8.0_181)
127.0.0.1 - - [29/Sep/2020:09:51:35 +0800] "GET /nacos/v1/ns/service/list?pageSize=2147483647&groupName=DEFAULT_GROUP&encoding=UTF-8&namespaceId=public&pageNo=1 HTTP/1.1" 200 49 10 Nacos-Java-Client:v1.0.0
127.0.0.1 - - [29/Sep/2020:09:51:35 +0800] "GET /nacos/v1/ns/instance/list?healthyOnly=false&namespaceId=public&clientIP=192.168.2.116&serviceName=DEFAULT_GROUP%40%40service-gateway&udpPort=59538&encoding=UTF-8 HTTP/1.1" 200 580 16 Nacos-Java-Client:v1.0.0
127.0.0.1 - - [29/Sep/2020:09:51:36 +0800] "GET /nacos/v1/ns/instance/list?healthyOnly=false&namespaceId=public&clientIP=192.168.2.116&serviceName=DEFAULT_GROUP%40%40service-gateway&udpPort=59538&encoding=UTF-8 HTTP/1.1" 200 580 5 Nacos-Java-Client:v1.0.0
127.0.0.1 - - [29/Sep/2020:09:51:39 +0800] "PUT /nacos/v1/ns/instance/beat?beat=%7B%22cluster%22%3A%22DEFAULT%22%2C%22ip%22%3A%22192.168.2.116%22%2C%22metadata%22%3A%7B%22preserved.register.source%22%3A%22SPRING_CLOUD%22%7D%2C%22port%22%3A8222%2C%22scheduled%22%3Atrue%2C%22serviceName%22%3A%22DEFAULT_GROUP%40%40service-gateway%22%2C%22weight%22%3A1.0%7D&serviceName=DEFAULT_GROUP%40%40service-gateway&encoding=UTF-8&namespaceId=public HTTP/1.1" 200 38 5 Nacos-Java-Client:v1.0.0
192.168.2.116 - - [29/Sep/2020:09:51:39 +0800] "GET /nacos/v1/cs/health HTTP/1.1" 200 2 3 Apache-HttpAsyncClient/4.1.3 (Java/1.8.0_181)
127.0.0.1 - - [29/Sep/2020:09:51:44 +0800] "PUT /nacos/v1/ns/instance/beat?beat=%7B%22cluster%22%3A%22DEFAULT%22%2C%22ip%22%3A%22192.168.2.116%22%2C%22metadata%22%3A%7B%22preserved.register.source%22%3A%22SPRING_CLOUD%22%7D%2C%22port%22%3A8222%2C%22scheduled%22%3Atrue%2C%22serviceName%22%3A%22DEFAULT_GROUP%40%40service-gateway%22%2C%22weight%22%3A1.0%7D&serviceName=DEFAULT_GROUP%40%40service-gateway&encoding=UTF-8&namespaceId=public HTTP/1.1" 200 38 3 Nacos-Java-Client:v1.0.0
192.168.2.116 - - [29/Sep/2020:09:51:44 +0800] "GET /nacos/v1/cs/health HTTP/1.1" 200 2 4 Apache-HttpAsyncClient/4.1.3 (Java/1.8.0_181)
127.0.0.1 - - [29/Sep/2020:09:51:46 +0800] "GET /nacos/v1/ns/instance/list?healthyOnly=false&namespaceId=public&clientIP=192.168.2.116&serviceName=DEFAULT_GROUP%40%40service-gateway&udpPort=59538&encoding=UTF-8 HTTP/1.1" 200 580 8 Nacos-Java-Client:v1.0.0
127.0.0.1 - - [29/Sep/2020:09:51:49 +0800] "PUT /nacos/v1/ns/instance/beat?beat=%7B%22cluster%22%3A%22DEFAULT%22%2C%22ip%22%3A%22192.168.2.116%22%2C%22metadata%22%3A%7B%22preserved.register.source%22%3A%22SPRING_CLOUD%22%7D%2C%22port%22%3A8222%2C%22scheduled%22%3Atrue%2C%22serviceName%22%3A%22DEFAULT_GROUP%40%40service-gateway%22%2C%22weight%22%3A1.0%7D&serviceName=DEFAULT_GROUP%40%40service-gateway&encoding=UTF-8&namespaceId=public HTTP/1.1" 200 38 5 Nacos-Java-Client:v1.0.0
192.168.2.116 - - [29/Sep/2020:09:51:49 +0800] "GET /nacos/v1/cs/health HTTP/1.1" 200 2 2 Apache-HttpAsyncClient/4.1.3 (Java/1.8.0_181)
127.0.0.1 - - [29/Sep/2020:09:51:54 +0800] "PUT /nacos/v1/ns/instance/beat?beat=%7B%22cluster%22%3A%22DEFAULT%22%2C%22ip%22%3A%22192.168.2.116%22%2C%22metadata%22%3A%7B%22preserved.register.source%22%3A%22SPRING_CLOUD%22%7D%2C%22port%22%3A8222%2C%22scheduled%22%3Atrue%2C%22serviceName%22%3A%22DEFAULT_GROUP%40%40service-gateway%22%2C%22weight%22%3A1.0%7D&serviceName=DEFAULT_GROUP%40%40service-gateway&encoding=UTF-8&namespaceId=public HTTP/1.1" 200 38 3 Nacos-Java-Client:v1.0.0
192.168.2.116 - - [29/Sep/2020:09:51:54 +0800] "GET /nacos/v1/cs/health HTTP/1.1" 200 2 2 Apache-HttpAsyncClient/4.1.3 (Java/1.8.0_181)
127.0.0.1 - - [29/Sep/2020:09:51:56 +0800] "GET /nacos/v1/ns/instance/list?healthyOnly=false&namespaceId=public&clientIP=192.168.2.116&serviceName=DEFAULT_GROUP%40%40service-gateway&udpPort=59538&encoding=UTF-8 HTTP/1.1" 200 580 5 Nacos-Java-Client:v1.0.0
127.0.0.1 - - [29/Sep/2020:09:51:59 +0800] "PUT /nacos/v1/ns/instance/beat?beat=%7B%22cluster%22%3A%22DEFAULT%22%2C%22ip%22%3A%22192.168.2.116%22%2C%22metadata%22%3A%7B%22preserved.register.source%22%3A%22SPRING_CLOUD%22%7D%2C%22port%22%3A8222%2C%22scheduled%22%3Atrue%2C%22serviceName%22%3A%22DEFAULT_GROUP%40%40service-gateway%22%2C%22weight%22%3A1.0%7D&serviceName=DEFAULT_GROUP%40%40service-gateway&encoding=UTF-8&namespaceId=public HTTP/1.1" 200 38 3 Nacos-Java-Client:v1.0.0
192.168.2.116 - - [29/Sep/2020:09:51:59 +0800] "GET /nacos/v1/cs/health HTTP/1.1" 200 2 2 Apache-HttpAsyncClient/4.1.3 (Java/1.8.0_181)
127.0.0.1 - - [29/Sep/2020:09:52:04 +0800] "PUT /nacos/v1/ns/instance/beat?beat=%7B%22cluster%22%3A%22DEFAULT%22%2C%22ip%22%3A%22192.168.2.116%22%2C%22metadata%22%3A%7B%22preserved.register.source%22%3A%22SPRING_CLOUD%22%7D%2C%22port%22%3A8222%2C%22scheduled%22%3Atrue%2C%22serviceName%22%3A%22DEFAULT_GROUP%40%40service-gateway%22%2C%22weight%22%3A1.0%7D&serviceName=DEFAULT_GROUP%40%40service-gateway&encoding=UTF-8&namespaceId=public HTTP/1.1" 200 38 4 Nacos-Java-Client:v1.0.0
192.168.2.116 - - [29/Sep/2020:09:52:04 +0800] "GET /nacos/v1/cs/health HTTP/1.1" 200 2 2 Apache-HttpAsyncClient/4.1.3 (Java/1.8.0_181)
127.0.0.1 - - [29/Sep/2020:09:52:05 +0800] "GET /nacos/v1/ns/service/list?pageSize=2147483647&groupName=DEFAULT_GROUP&encoding=UTF-8&namespaceId=public&pageNo=1 HTTP/1.1" 200 49 2 Nacos-Java-Client:v1.0.0
127.0.0.1 - - [29/Sep/2020:09:52:06 +0800] "GET /nacos/v1/ns/instance/list?healthyOnly=false&namespaceId=public&clientIP=192.168.2.116&serviceName=DEFAULT_GROUP%40%40service-gateway&udpPort=59538&encoding=UTF-8 HTTP/1.1" 200 580 3 Nacos-Java-Client:v1.0.0
127.0.0.1 - - [29/Sep/2020:09:52:09 +0800] "PUT /nacos/v1/ns/instance/beat?beat=%7B%22cluster%22%3A%22DEFAULT%22%2C%22ip%22%3A%22192.168.2.116%22%2C%22metadata%22%3A%7B%22preserved.register.source%22%3A%22SPRING_CLOUD%22%7D%2C%22port%22%3A8222%2C%22scheduled%22%3Atrue%2C%22serviceName%22%3A%22DEFAULT_GROUP%40%40service-gateway%22%2C%22weight%22%3A1.0%7D&serviceName=DEFAULT_GROUP%40%40service-gateway&encoding=UTF-8&namespaceId=public HTTP/1.1" 200 38 15 Nacos-Java-Client:v1.0.0
192.168.2.116 - - [29/Sep/2020:09:52:09 +0800] "GET /nacos/v1/cs/health HTTP/1.1" 200 2 5 Apache-HttpAsyncClient/4.1.3 (Java/1.8.0_181)
127.0.0.1 - - [29/Sep/2020:09:52:14 +0800] "PUT /nacos/v1/ns/instance/beat?beat=%7B%22cluster%22%3A%22DEFAULT%22%2C%22ip%22%3A%22192.168.2.116%22%2C%22metadata%22%3A%7B%22preserved.register.source%22%3A%22SPRING_CLOUD%22%7D%2C%22port%22%3A8222%2C%22scheduled%22%3Atrue%2C%22serviceName%22%3A%22DEFAULT_GROUP%40%40service-gateway%22%2C%22weight%22%3A1.0%7D&serviceName=DEFAULT_GROUP%40%40service-gateway&encoding=UTF-8&namespaceId=public HTTP/1.1" 200 38 11 Nacos-Java-Client:v1.0.0
192.168.2.116 - - [29/Sep/2020:09:52:14 +0800] "GET /nacos/v1/cs/health HTTP/1.1" 200 2 2 Apache-HttpAsyncClient/4.1.3 (Java/1.8.0_181)
127.0.0.1 - - [29/Sep/2020:09:52:16 +0800] "GET /nacos/v1/ns/instance/list?healthyOnly=false&namespaceId=public&clientIP=192.168.2.116&serviceName=DEFAULT_GROUP%40%40service-gateway&udpPort=59538&encoding=UTF-8 HTTP/1.1" 200 580 3 Nacos-Java-Client:v1.0.0
127.0.0.1 - - [29/Sep/2020:09:52:19 +0800] "PUT /nacos/v1/ns/instance/beat?beat=%7B%22cluster%22%3A%22DEFAULT%22%2C%22ip%22%3A%22192.168.2.116%22%2C%22metadata%22%3A%7B%22preserved.register.source%22%3A%22SPRING_CLOUD%22%7D%2C%22port%22%3A8222%2C%22scheduled%22%3Atrue%2C%22serviceName%22%3A%22DEFAULT_GROUP%40%40service-gateway%22%2C%22weight%22%3A1.0%7D&serviceName=DEFAULT_GROUP%40%40service-gateway&encoding=UTF-8&namespaceId=public HTTP/1.1" 200 38 6 Nacos-Java-Client:v1.0.0
192.168.2.116 - - [29/Sep/2020:09:52:19 +0800] "GET /nacos/v1/cs/health HTTP/1.1" 200 2 3 Apache-HttpAsyncClient/4.1.3 (Java/1.8.0_181)
127.0.0.1 - - [29/Sep/2020:09:52:24 +0800] "PUT /nacos/v1/ns/instance/beat?beat=%7B%22cluster%22%3A%22DEFAULT%22%2C%22ip%22%3A%22192.168.2.116%22%2C%22metadata%22%3A%7B%22preserved.register.source%22%3A%22SPRING_CLOUD%22%7D%2C%22port%22%3A8222%2C%22scheduled%22%3Atrue%2C%22serviceName%22%3A%22DEFAULT_GROUP%40%40service-gateway%22%2C%22weight%22%3A1.0%7D&serviceName=DEFAULT_GROUP%40%40service-gateway&encoding=UTF-8&namespaceId=public HTTP/1.1" 200 38 6 Nacos-Java-Client:v1.0.0
192.168.2.116 - - [29/Sep/2020:09:52:24 +0800] "GET /nacos/v1/cs/health HTTP/1.1" 200 2 6 Apache-HttpAsyncClient/4.1.3 (Java/1.8.0_181)
127.0.0.1 - - [29/Sep/2020:09:52:26 +0800] "GET /nacos/v1/ns/instance/list?healthyOnly=false&namespaceId=public&clientIP=192.168.2.116&serviceName=DEFAULT_GROUP%40%40service-gateway&udpPort=59538&encoding=UTF-8 HTTP/1.1" 200 580 3 Nacos-Java-Client:v1.0.0
127.0.0.1 - - [29/Sep/2020:09:52:29 +0800] "PUT /nacos/v1/ns/instance/beat?beat=%7B%22cluster%22%3A%22DEFAULT%22%2C%22ip%22%3A%22192.168.2.116%22%2C%22metadata%22%3A%7B%22preserved.register.source%22%3A%22SPRING_CLOUD%22%7D%2C%22port%22%3A8222%2C%22scheduled%22%3Atrue%2C%22serviceName%22%3A%22DEFAULT_GROUP%40%40service-gateway%22%2C%22weight%22%3A1.0%7D&serviceName=DEFAULT_GROUP%40%40service-gateway&encoding=UTF-8&namespaceId=public HTTP/1.1" 200 38 6 Nacos-Java-Client:v1.0.0
192.168.2.116 - - [29/Sep/2020:09:52:29 +0800] "GET /nacos/v1/cs/health HTTP/1.1" 200 2 5 Apache-HttpAsyncClient/4.1.3 (Java/1.8.0_181)
127.0.0.1 - - [29/Sep/2020:09:52:34 +0800] "PUT /nacos/v1/ns/instance/beat?beat=%7B%22cluster%22%3A%22DEFAULT%22%2C%22ip%22%3A%22192.168.2.116%22%2C%22metadata%22%3A%7B%22preserved.register.source%22%3A%22SPRING_CLOUD%22%7D%2C%22port%22%3A8222%2C%22scheduled%22%3Atrue%2C%22serviceName%22%3A%22DEFAULT_GROUP%40%40service-gateway%22%2C%22weight%22%3A1.0%7D&serviceName=DEFAULT_GROUP%40%40service-gateway&encoding=UTF-8&namespaceId=public HTTP/1.1" 200 38 2 Nacos-Java-Client:v1.0.0
192.168.2.116 - - [29/Sep/2020:09:52:34 +0800] "GET /nacos/v1/cs/health HTTP/1.1" 200 2 5 Apache-HttpAsyncClient/4.1.3 (Java/1.8.0_181)
127.0.0.1 - - [29/Sep/2020:09:52:35 +0800] "GET /nacos/v1/ns/service/list?pageSize=2147483647&groupName=DEFAULT_GROUP&encoding=UTF-8&namespaceId=public&pageNo=1 HTTP/1.1" 200 49 3 Nacos-Java-Client:v1.0.0
127.0.0.1 - - [29/Sep/2020:09:52:36 +0800] "GET /nacos/v1/ns/instance/list?healthyOnly=false&namespaceId=public&clientIP=192.168.2.116&serviceName=DEFAULT_GROUP%40%40service-gateway&udpPort=59538&encoding=UTF-8 HTTP/1.1" 200 580 3 Nacos-Java-Client:v1.0.0
127.0.0.1 - - [29/Sep/2020:09:52:39 +0800] "PUT /nacos/v1/ns/instance/beat?beat=%7B%22cluster%22%3A%22DEFAULT%22%2C%22ip%22%3A%22192.168.2.116%22%2C%22metadata%22%3A%7B%22preserved.register.source%22%3A%22SPRING_CLOUD%22%7D%2C%22port%22%3A8222%2C%22scheduled%22%3Atrue%2C%22serviceName%22%3A%22DEFAULT_GROUP%40%40service-gateway%22%2C%22weight%22%3A1.0%7D&serviceName=DEFAULT_GROUP%40%40service-gateway&encoding=UTF-8&namespaceId=public HTTP/1.1" 200 38 3 Nacos-Java-Client:v1.0.0
192.168.2.116 - - [29/Sep/2020:09:52:39 +0800] "GET /nacos/v1/cs/health HTTP/1.1" 200 2 6 Apache-HttpAsyncClient/4.1.3 (Java/1.8.0_181)
127.0.0.1 - - [29/Sep/2020:09:52:44 +0800] "PUT /nacos/v1/ns/instance/beat?beat=%7B%22cluster%22%3A%22DEFAULT%22%2C%22ip%22%3A%22192.168.2.116%22%2C%22metadata%22%3A%7B%22preserved.register.source%22%3A%22SPRING_CLOUD%22%7D%2C%22port%22%3A8222%2C%22scheduled%22%3Atrue%2C%22serviceName%22%3A%22DEFAULT_GROUP%40%40service-gateway%22%2C%22weight%22%3A1.0%7D&serviceName=DEFAULT_GROUP%40%40service-gateway&encoding=UTF-8&namespaceId=public HTTP/1.1" 200 38 2 Nacos-Java-Client:v1.0.0
192.168.2.116 - - [29/Sep/2020:09:52:44 +0800] "GET /nacos/v1/cs/health HTTP/1.1" 200 2 2 Apache-HttpAsyncClient/4.1.3 (Java/1.8.0_181)
127.0.0.1 - - [29/Sep/2020:09:52:46 +0800] "GET /nacos/v1/ns/instance/list?healthyOnly=false&namespaceId=public&clientIP=192.168.2.116&serviceName=DEFAULT_GROUP%40%40service-gateway&udpPort=59538&encoding=UTF-8 HTTP/1.1" 200 580 5 Nacos-Java-Client:v1.0.0
127.0.0.1 - - [29/Sep/2020:09:52:49 +0800] "PUT /nacos/v1/ns/instance/beat?beat=%7B%22cluster%22%3A%22DEFAULT%22%2C%22ip%22%3A%22192.168.2.116%22%2C%22metadata%22%3A%7B%22preserved.register.source%22%3A%22SPRING_CLOUD%22%7D%2C%22port%22%3A8222%2C%22scheduled%22%3Atrue%2C%22serviceName%22%3A%22DEFAULT_GROUP%40%40service-gateway%22%2C%22weight%22%3A1.0%7D&serviceName=DEFAULT_GROUP%40%40service-gateway&encoding=UTF-8&namespaceId=public HTTP/1.1" 200 38 2 Nacos-Java-Client:v1.0.0
192.168.2.116 - - [29/Sep/2020:09:52:49 +0800] "GET /nacos/v1/cs/health HTTP/1.1" 200 2 4 Apache-HttpAsyncClient/4.1.3 (Java/1.8.0_181)
127.0.0.1 - - [29/Sep/2020:09:52:54 +0800] "PUT /nacos/v1/ns/instance/beat?beat=%7B%22cluster%22%3A%22DEFAULT%22%2C%22ip%22%3A%22192.168.2.116%22%2C%22metadata%22%3A%7B%22preserved.register.source%22%3A%22SPRING_CLOUD%22%7D%2C%22port%22%3A8222%2C%22scheduled%22%3Atrue%2C%22serviceName%22%3A%22DEFAULT_GROUP%40%40service-gateway%22%2C%22weight%22%3A1.0%7D&serviceName=DEFAULT_GROUP%40%40service-gateway&encoding=UTF-8&namespaceId=public HTTP/1.1" 200 38 3 Nacos-Java-Client:v1.0.0
192.168.2.116 - - [29/Sep/2020:09:52:54 +0800] "GET /nacos/v1/cs/health HTTP/1.1" 200 2 2 Apache-HttpAsyncClient/4.1.3 (Java/1.8.0_181)
127.0.0.1 - - [29/Sep/2020:09:52:56 +0800] "GET /nacos/v1/ns/instance/list?healthyOnly=false&namespaceId=public&clientIP=192.168.2.116&serviceName=DEFAULT_GROUP%40%40service-gateway&udpPort=59538&encoding=UTF-8 HTTP/1.1" 200 580 7 Nacos-Java-Client:v1.0.0
127.0.0.1 - - [29/Sep/2020:09:52:59 +0800] "PUT /nacos/v1/ns/instance/beat?beat=%7B%22cluster%22%3A%22DEFAULT%22%2C%22ip%22%3A%22192.168.2.116%22%2C%22metadata%22%3A%7B%22preserved.register.source%22%3A%22SPRING_CLOUD%22%7D%2C%22port%22%3A8222%2C%22scheduled%22%3Atrue%2C%22serviceName%22%3A%22DEFAULT_GROUP%40%40service-gateway%22%2C%22weight%22%3A1.0%7D&serviceName=DEFAULT_GROUP%40%40service-gateway&encoding=UTF-8&namespaceId=public HTTP/1.1" 200 38 10 Nacos-Java-Client:v1.0.0
192.168.2.116 - - [29/Sep/2020:09:52:59 +0800] "GET /nacos/v1/cs/health HTTP/1.1" 200 2 2 Apache-HttpAsyncClient/4.1.3 (Java/1.8.0_181)
127.0.0.1 - - [29/Sep/2020:09:53:04 +0800] "PUT /nacos/v1/ns/instance/beat?beat=%7B%22cluster%22%3A%22DEFAULT%22%2C%22ip%22%3A%22192.168.2.116%22%2C%22metadata%22%3A%7B%22preserved.register.source%22%3A%22SPRING_CLOUD%22%7D%2C%22port%22%3A8222%2C%22scheduled%22%3Atrue%2C%22serviceName%22%3A%22DEFAULT_GROUP%40%40service-gateway%22%2C%22weight%22%3A1.0%7D&serviceName=DEFAULT_GROUP%40%40service-gateway&encoding=UTF-8&namespaceId=public HTTP/1.1" 200 38 5 Nacos-Java-Client:v1.0.0
192.168.2.116 - - [29/Sep/2020:09:53:04 +0800] "GET /nacos/v1/cs/health HTTP/1.1" 200 2 5 Apache-HttpAsyncClient/4.1.3 (Java/1.8.0_181)
127.0.0.1 - - [29/Sep/2020:09:53:05 +0800] "GET /nacos/v1/ns/service/list?pageSize=2147483647&groupName=DEFAULT_GROUP&encoding=UTF-8&namespaceId=public&pageNo=1 HTTP/1.1" 200 49 8 Nacos-Java-Client:v1.0.0
127.0.0.1 - - [29/Sep/2020:09:53:06 +0800] "GET /nacos/v1/ns/instance/list?healthyOnly=false&namespaceId=public&clientIP=192.168.2.116&serviceName=DEFAULT_GROUP%40%40service-gateway&udpPort=59538&encoding=UTF-8 HTTP/1.1" 200 580 8 Nacos-Java-Client:v1.0.0
127.0.0.1 - - [29/Sep/2020:09:53:09 +0800] "PUT /nacos/v1/ns/instance/beat?beat=%7B%22cluster%22%3A%22DEFAULT%22%2C%22ip%22%3A%22192.168.2.116%22%2C%22metadata%22%3A%7B%22preserved.register.source%22%3A%22SPRING_CLOUD%22%7D%2C%22port%22%3A8222%2C%22scheduled%22%3Atrue%2C%22serviceName%22%3A%22DEFAULT_GROUP%40%40service-gateway%22%2C%22weight%22%3A1.0%7D&serviceName=DEFAULT_GROUP%40%40service-gateway&encoding=UTF-8&namespaceId=public HTTP/1.1" 200 38 6 Nacos-Java-Client:v1.0.0
192.168.2.116 - - [29/Sep/2020:09:53:09 +0800] "GET /nacos/v1/cs/health HTTP/1.1" 200 2 2 Apache-HttpAsyncClient/4.1.3 (Java/1.8.0_181)
127.0.0.1 - - [29/Sep/2020:09:53:14 +0800] "PUT /nacos/v1/ns/instance/beat?beat=%7B%22cluster%22%3A%22DEFAULT%22%2C%22ip%22%3A%22192.168.2.116%22%2C%22metadata%22%3A%7B%22preserved.register.source%22%3A%22SPRING_CLOUD%22%7D%2C%22port%22%3A8222%2C%22scheduled%22%3Atrue%2C%22serviceName%22%3A%22DEFAULT_GROUP%40%40service-gateway%22%2C%22weight%22%3A1.0%7D&serviceName=DEFAULT_GROUP%40%40service-gateway&encoding=UTF-8&namespaceId=public HTTP/1.1" 200 38 3 Nacos-Java-Client:v1.0.0
192.168.2.116 - - [29/Sep/2020:09:53:14 +0800] "GET /nacos/v1/cs/health HTTP/1.1" 200 2 4 Apache-HttpAsyncClient/4.1.3 (Java/1.8.0_181)
127.0.0.1 - - [29/Sep/2020:09:53:16 +0800] "GET /nacos/v1/ns/instance/list?healthyOnly=false&namespaceId=public&clientIP=192.168.2.116&serviceName=DEFAULT_GROUP%40%40service-gateway&udpPort=59538&encoding=UTF-8 HTTP/1.1" 200 580 14 Nacos-Java-Client:v1.0.0
127.0.0.1 - - [29/Sep/2020:09:53:19 +0800] "PUT /nacos/v1/ns/instance/beat?beat=%7B%22cluster%22%3A%22DEFAULT%22%2C%22ip%22%3A%22192.168.2.116%22%2C%22metadata%22%3A%7B%22preserved.register.source%22%3A%22SPRING_CLOUD%22%7D%2C%22port%22%3A8222%2C%22scheduled%22%3Atrue%2C%22serviceName%22%3A%22DEFAULT_GROUP%40%40service-gateway%22%2C%22weight%22%3A1.0%7D&serviceName=DEFAULT_GROUP%40%40service-gateway&encoding=UTF-8&namespaceId=public HTTP/1.1" 200 38 5 Nacos-Java-Client:v1.0.0
192.168.2.116 - - [29/Sep/2020:09:53:19 +0800] "GET /nacos/v1/cs/health HTTP/1.1" 200 2 7 Apache-HttpAsyncClient/4.1.3 (Java/1.8.0_181)
127.0.0.1 - - [29/Sep/2020:09:53:24 +0800] "PUT /nacos/v1/ns/instance/beat?beat=%7B%22cluster%22%3A%22DEFAULT%22%2C%22ip%22%3A%22192.168.2.116%22%2C%22metadata%22%3A%7B%22preserved.register.source%22%3A%22SPRING_CLOUD%22%7D%2C%22port%22%3A8222%2C%22scheduled%22%3Atrue%2C%22serviceName%22%3A%22DEFAULT_GROUP%40%40service-gateway%22%2C%22weight%22%3A1.0%7D&serviceName=DEFAULT_GROUP%40%40service-gateway&encoding=UTF-8&namespaceId=public HTTP/1.1" 200 38 9 Nacos-Java-Client:v1.0.0
192.168.2.116 - - [29/Sep/2020:09:53:24 +0800] "GET /nacos/v1/cs/health HTTP/1.1" 200 2 5 Apache-HttpAsyncClient/4.1.3 (Java/1.8.0_181)
127.0.0.1 - - [29/Sep/2020:09:53:26 +0800] "GET /nacos/v1/ns/instance/list?healthyOnly=false&namespaceId=public&clientIP=192.168.2.116&serviceName=DEFAULT_GROUP%40%40service-gateway&udpPort=59538&encoding=UTF-8 HTTP/1.1" 200 580 8 Nacos-Java-Client:v1.0.0
127.0.0.1 - - [29/Sep/2020:09:53:29 +0800] "PUT /nacos/v1/ns/instance/beat?beat=%7B%22cluster%22%3A%22DEFAULT%22%2C%22ip%22%3A%22192.168.2.116%22%2C%22metadata%22%3A%7B%22preserved.register.source%22%3A%22SPRING_CLOUD%22%7D%2C%22port%22%3A8222%2C%22scheduled%22%3Atrue%2C%22serviceName%22%3A%22DEFAULT_GROUP%40%40service-gateway%22%2C%22weight%22%3A1.0%7D&serviceName=DEFAULT_GROUP%40%40service-gateway&encoding=UTF-8&namespaceId=public HTTP/1.1" 200 38 6 Nacos-Java-Client:v1.0.0
192.168.2.116 - - [29/Sep/2020:09:53:29 +0800] "GET /nacos/v1/cs/health HTTP/1.1" 200 2 2 Apache-HttpAsyncClient/4.1.3 (Java/1.8.0_181)
127.0.0.1 - - [29/Sep/2020:09:53:34 +0800] "PUT /nacos/v1/ns/instance/beat?beat=%7B%22cluster%22%3A%22DEFAULT%22%2C%22ip%22%3A%22192.168.2.116%22%2C%22metadata%22%3A%7B%22preserved.register.source%22%3A%22SPRING_CLOUD%22%7D%2C%22port%22%3A8222%2C%22scheduled%22%3Atrue%2C%22serviceName%22%3A%22DEFAULT_GROUP%40%40service-gateway%22%2C%22weight%22%3A1.0%7D&serviceName=DEFAULT_GROUP%40%40service-gateway&encoding=UTF-8&namespaceId=public HTTP/1.1" 200 38 9 Nacos-Java-Client:v1.0.0
192.168.2.116 - - [29/Sep/2020:09:53:34 +0800] "GET /nacos/v1/cs/health HTTP/1.1" 200 2 4 Apache-HttpAsyncClient/4.1.3 (Java/1.8.0_181)
127.0.0.1 - - [29/Sep/2020:09:53:35 +0800] "GET /nacos/v1/ns/service/list?pageSize=2147483647&groupName=DEFAULT_GROUP&encoding=UTF-8&namespaceId=public&pageNo=1 HTTP/1.1" 200 49 8 Nacos-Java-Client:v1.0.0
127.0.0.1 - - [29/Sep/2020:09:53:36 +0800] "GET /nacos/v1/ns/instance/list?healthyOnly=false&namespaceId=public&clientIP=192.168.2.116&serviceName=DEFAULT_GROUP%40%40service-gateway&udpPort=59538&encoding=UTF-8 HTTP/1.1" 200 580 3 Nacos-Java-Client:v1.0.0
127.0.0.1 - - [29/Sep/2020:09:53:39 +0800] "PUT /nacos/v1/ns/instance/beat?beat=%7B%22cluster%22%3A%22DEFAULT%22%2C%22ip%22%3A%22192.168.2.116%22%2C%22metadata%22%3A%7B%22preserved.register.source%22%3A%22SPRING_CLOUD%22%7D%2C%22port%22%3A8222%2C%22scheduled%22%3Atrue%2C%22serviceName%22%3A%22DEFAULT_GROUP%40%40service-gateway%22%2C%22weight%22%3A1.0%7D&serviceName=DEFAULT_GROUP%40%40service-gateway&encoding=UTF-8&namespaceId=public HTTP/1.1" 200 38 7 Nacos-Java-Client:v1.0.0
192.168.2.116 - - [29/Sep/2020:09:53:39 +0800] "GET /nacos/v1/cs/health HTTP/1.1" 200 2 2 Apache-HttpAsyncClient/4.1.3 (Java/1.8.0_181)
127.0.0.1 - - [29/Sep/2020:09:53:44 +0800] "PUT /nacos/v1/ns/instance/beat?beat=%7B%22cluster%22%3A%22DEFAULT%22%2C%22ip%22%3A%22192.168.2.116%22%2C%22metadata%22%3A%7B%22preserved.register.source%22%3A%22SPRING_CLOUD%22%7D%2C%22port%22%3A8222%2C%22scheduled%22%3Atrue%2C%22serviceName%22%3A%22DEFAULT_GROUP%40%40service-gateway%22%2C%22weight%22%3A1.0%7D&serviceName=DEFAULT_GROUP%40%40service-gateway&encoding=UTF-8&namespaceId=public HTTP/1.1" 200 38 3 Nacos-Java-Client:v1.0.0
192.168.2.116 - - [29/Sep/2020:09:53:44 +0800] "GET /nacos/v1/cs/health HTTP/1.1" 200 2 2 Apache-HttpAsyncClient/4.1.3 (Java/1.8.0_181)
127.0.0.1 - - [29/Sep/2020:09:53:46 +0800] "GET /nacos/v1/ns/instance/list?healthyOnly=false&namespaceId=public&clientIP=192.168.2.116&serviceName=DEFAULT_GROUP%40%40service-gateway&udpPort=59538&encoding=UTF-8 HTTP/1.1" 200 580 7 Nacos-Java-Client:v1.0.0
127.0.0.1 - - [29/Sep/2020:09:53:49 +0800] "PUT /nacos/v1/ns/instance/beat?beat=%7B%22cluster%22%3A%22DEFAULT%22%2C%22ip%22%3A%22192.168.2.116%22%2C%22metadata%22%3A%7B%22preserved.register.source%22%3A%22SPRING_CLOUD%22%7D%2C%22port%22%3A8222%2C%22scheduled%22%3Atrue%2C%22serviceName%22%3A%22DEFAULT_GROUP%40%40service-gateway%22%2C%22weight%22%3A1.0%7D&serviceName=DEFAULT_GROUP%40%40service-gateway&encoding=UTF-8&namespaceId=public HTTP/1.1" 200 38 3 Nacos-Java-Client:v1.0.0
192.168.2.116 - - [29/Sep/2020:09:53:49 +0800] "GET /nacos/v1/cs/health HTTP/1.1" 200 2 2 Apache-HttpAsyncClient/4.1.3 (Java/1.8.0_181)
127.0.0.1 - - [29/Sep/2020:09:53:54 +0800] "PUT /nacos/v1/ns/instance/beat?beat=%7B%22cluster%22%3A%22DEFAULT%22%2C%22ip%22%3A%22192.168.2.116%22%2C%22metadata%22%3A%7B%22preserved.register.source%22%3A%22SPRING_CLOUD%22%7D%2C%22port%22%3A8222%2C%22scheduled%22%3Atrue%2C%22serviceName%22%3A%22DEFAULT_GROUP%40%40service-gateway%22%2C%22weight%22%3A1.0%7D&serviceName=DEFAULT_GROUP%40%40service-gateway&encoding=UTF-8&namespaceId=public HTTP/1.1" 200 38 3 Nacos-Java-Client:v1.0.0
192.168.2.116 - - [29/Sep/2020:09:53:54 +0800] "GET /nacos/v1/cs/health HTTP/1.1" 200 2 2 Apache-HttpAsyncClient/4.1.3 (Java/1.8.0_181)
127.0.0.1 - - [29/Sep/2020:09:53:56 +0800] "GET /nacos/v1/ns/instance/list?healthyOnly=false&namespaceId=public&clientIP=192.168.2.116&serviceName=DEFAULT_GROUP%40%40service-gateway&udpPort=59538&encoding=UTF-8 HTTP/1.1" 200 580 6 Nacos-Java-Client:v1.0.0
127.0.0.1 - - [29/Sep/2020:09:53:59 +0800] "PUT /nacos/v1/ns/instance/beat?beat=%7B%22cluster%22%3A%22DEFAULT%22%2C%22ip%22%3A%22192.168.2.116%22%2C%22metadata%22%3A%7B%22preserved.register.source%22%3A%22SPRING_CLOUD%22%7D%2C%22port%22%3A8222%2C%22scheduled%22%3Atrue%2C%22serviceName%22%3A%22DEFAULT_GROUP%40%40service-gateway%22%2C%22weight%22%3A1.0%7D&serviceName=DEFAULT_GROUP%40%40service-gateway&encoding=UTF-8&namespaceId=public HTTP/1.1" 200 38 4 Nacos-Java-Client:v1.0.0
192.168.2.116 - - [29/Sep/2020:09:53:59 +0800] "GET /nacos/v1/cs/health HTTP/1.1" 200 2 21 Apache-HttpAsyncClient/4.1.3 (Java/1.8.0_181)
127.0.0.1 - - [29/Sep/2020:09:54:04 +0800] "PUT /nacos/v1/ns/instance/beat?beat=%7B%22cluster%22%3A%22DEFAULT%22%2C%22ip%22%3A%22192.168.2.116%22%2C%22metadata%22%3A%7B%22preserved.register.source%22%3A%22SPRING_CLOUD%22%7D%2C%22port%22%3A8222%2C%22scheduled%22%3Atrue%2C%22serviceName%22%3A%22DEFAULT_GROUP%40%40service-gateway%22%2C%22weight%22%3A1.0%7D&serviceName=DEFAULT_GROUP%40%40service-gateway&encoding=UTF-8&namespaceId=public HTTP/1.1" 200 38 4 Nacos-Java-Client:v1.0.0
192.168.2.116 - - [29/Sep/2020:09:54:04 +0800] "GET /nacos/v1/cs/health HTTP/1.1" 200 2 2 Apache-HttpAsyncClient/4.1.3 (Java/1.8.0_181)
127.0.0.1 - - [29/Sep/2020:09:54:05 +0800] "GET /nacos/v1/ns/service/list?pageSize=2147483647&groupName=DEFAULT_GROUP&encoding=UTF-8&namespaceId=public&pageNo=1 HTTP/1.1" 200 49 2 Nacos-Java-Client:v1.0.0
127.0.0.1 - - [29/Sep/2020:09:54:06 +0800] "GET /nacos/v1/ns/instance/list?healthyOnly=false&namespaceId=public&clientIP=192.168.2.116&serviceName=DEFAULT_GROUP%40%40service-gateway&udpPort=59538&encoding=UTF-8 HTTP/1.1" 200 580 3 Nacos-Java-Client:v1.0.0
127.0.0.1 - - [29/Sep/2020:09:54:09 +0800] "PUT /nacos/v1/ns/instance/beat?beat=%7B%22cluster%22%3A%22DEFAULT%22%2C%22ip%22%3A%22192.168.2.116%22%2C%22metadata%22%3A%7B%22preserved.register.source%22%3A%22SPRING_CLOUD%22%7D%2C%22port%22%3A8222%2C%22scheduled%22%3Atrue%2C%22serviceName%22%3A%22DEFAULT_GROUP%40%40service-gateway%22%2C%22weight%22%3A1.0%7D&serviceName=DEFAULT_GROUP%40%40service-gateway&encoding=UTF-8&namespaceId=public HTTP/1.1" 200 38 9 Nacos-Java-Client:v1.0.0
192.168.2.116 - - [29/Sep/2020:09:54:10 +0800] "GET /nacos/v1/cs/health HTTP/1.1" 200 2 3 Apache-HttpAsyncClient/4.1.3 (Java/1.8.0_181)
127.0.0.1 - - [29/Sep/2020:09:54:14 +0800] "PUT /nacos/v1/ns/instance/beat?beat=%7B%22cluster%22%3A%22DEFAULT%22%2C%22ip%22%3A%22192.168.2.116%22%2C%22metadata%22%3A%7B%22preserved.register.source%22%3A%22SPRING_CLOUD%22%7D%2C%22port%22%3A8222%2C%22scheduled%22%3Atrue%2C%22serviceName%22%3A%22DEFAULT_GROUP%40%40service-gateway%22%2C%22weight%22%3A1.0%7D&serviceName=DEFAULT_GROUP%40%40service-gateway&encoding=UTF-8&namespaceId=public HTTP/1.1" 200 38 2 Nacos-Java-Client:v1.0.0
192.168.2.116 - - [29/Sep/2020:09:54:15 +0800] "GET /nacos/v1/cs/health HTTP/1.1" 200 2 7 Apache-HttpAsyncClient/4.1.3 (Java/1.8.0_181)
127.0.0.1 - - [29/Sep/2020:09:54:16 +0800] "GET /nacos/v1/ns/instance/list?healthyOnly=false&namespaceId=public&clientIP=192.168.2.116&serviceName=DEFAULT_GROUP%40%40service-gateway&udpPort=59538&encoding=UTF-8 HTTP/1.1" 200 580 6 Nacos-Java-Client:v1.0.0
127.0.0.1 - - [29/Sep/2020:09:54:19 +0800] "PUT /nacos/v1/ns/instance/beat?beat=%7B%22cluster%22%3A%22DEFAULT%22%2C%22ip%22%3A%22192.168.2.116%22%2C%22metadata%22%3A%7B%22preserved.register.source%22%3A%22SPRING_CLOUD%22%7D%2C%22port%22%3A8222%2C%22scheduled%22%3Atrue%2C%22serviceName%22%3A%22DEFAULT_GROUP%40%40service-gateway%22%2C%22weight%22%3A1.0%7D&serviceName=DEFAULT_GROUP%40%40service-gateway&encoding=UTF-8&namespaceId=public HTTP/1.1" 200 38 5 Nacos-Java-Client:v1.0.0
192.168.2.116 - - [29/Sep/2020:09:54:20 +0800] "GET /nacos/v1/cs/health HTTP/1.1" 200 2 8 Apache-HttpAsyncClient/4.1.3 (Java/1.8.0_181)
127.0.0.1 - - [29/Sep/2020:09:54:24 +0800] "PUT /nacos/v1/ns/instance/beat?beat=%7B%22cluster%22%3A%22DEFAULT%22%2C%22ip%22%3A%22192.168.2.116%22%2C%22metadata%22%3A%7B%22preserved.register.source%22%3A%22SPRING_CLOUD%22%7D%2C%22port%22%3A8222%2C%22scheduled%22%3Atrue%2C%22serviceName%22%3A%22DEFAULT_GROUP%40%40service-gateway%22%2C%22weight%22%3A1.0%7D&serviceName=DEFAULT_GROUP%40%40service-gateway&encoding=UTF-8&namespaceId=public HTTP/1.1" 200 38 4 Nacos-Java-Client:v1.0.0
192.168.2.116 - - [29/Sep/2020:09:54:25 +0800] "GET /nacos/v1/cs/health HTTP/1.1" 200 2 7 Apache-HttpAsyncClient/4.1.3 (Java/1.8.0_181)
127.0.0.1 - - [29/Sep/2020:09:54:26 +0800] "GET /nacos/v1/ns/instance/list?healthyOnly=false&namespaceId=public&clientIP=192.168.2.116&serviceName=DEFAULT_GROUP%40%40service-gateway&udpPort=59538&encoding=UTF-8 HTTP/1.1" 200 580 8 Nacos-Java-Client:v1.0.0
127.0.0.1 - - [29/Sep/2020:09:54:29 +0800] "PUT /nacos/v1/ns/instance/beat?beat=%7B%22cluster%22%3A%22DEFAULT%22%2C%22ip%22%3A%22192.168.2.116%22%2C%22metadata%22%3A%7B%22preserved.register.source%22%3A%22SPRING_CLOUD%22%7D%2C%22port%22%3A8222%2C%22scheduled%22%3Atrue%2C%22serviceName%22%3A%22DEFAULT_GROUP%40%40service-gateway%22%2C%22weight%22%3A1.0%7D&serviceName=DEFAULT_GROUP%40%40service-gateway&encoding=UTF-8&namespaceId=public HTTP/1.1" 200 38 3 Nacos-Java-Client:v1.0.0
192.168.2.116 - - [29/Sep/2020:09:54:30 +0800] "GET /nacos/v1/cs/health HTTP/1.1" 200 2 7 Apache-HttpAsyncClient/4.1.3 (Java/1.8.0_181)
127.0.0.1 - - [29/Sep/2020:09:54:34 +0800] "PUT /nacos/v1/ns/instance/beat?beat=%7B%22cluster%22%3A%22DEFAULT%22%2C%22ip%22%3A%22192.168.2.116%22%2C%22metadata%22%3A%7B%22preserved.register.source%22%3A%22SPRING_CLOUD%22%7D%2C%22port%22%3A8222%2C%22scheduled%22%3Atrue%2C%22serviceName%22%3A%22DEFAULT_GROUP%40%40service-gateway%22%2C%22weight%22%3A1.0%7D&serviceName=DEFAULT_GROUP%40%40service-gateway&encoding=UTF-8&namespaceId=public HTTP/1.1" 200 38 11 Nacos-Java-Client:v1.0.0
192.168.2.116 - - [29/Sep/2020:09:54:35 +0800] "GET /nacos/v1/cs/health HTTP/1.1" 200 2 6 Apache-HttpAsyncClient/4.1.3 (Java/1.8.0_181)
127.0.0.1 - - [29/Sep/2020:09:54:35 +0800] "GET /nacos/v1/ns/service/list?pageSize=2147483647&groupName=DEFAULT_GROUP&encoding=UTF-8&namespaceId=public&pageNo=1 HTTP/1.1" 200 49 7 Nacos-Java-Client:v1.0.0
